Archive member included to satisfy reference by file (symbol)

c:/program files (x86)/arduino/hardware/tools/avr/bin/../lib/gcc/avr/7.3.0/avr51\libgcc.a(_divmodhi4.o)
                              obj/Joystick.o (__divmodhi4)
c:/program files (x86)/arduino/hardware/tools/avr/bin/../lib/gcc/avr/7.3.0/avr51\libgcc.a(_exit.o)
                              c:/program files (x86)/arduino/hardware/tools/avr/bin/../lib/gcc/avr/7.3.0/../../../../avr/lib/avr51/crtat90usb1286.o (exit)
c:/program files (x86)/arduino/hardware/tools/avr/bin/../lib/gcc/avr/7.3.0/avr51\libgcc.a(_copy_data.o)
                              obj/Joystick.o (__do_copy_data)
c:/program files (x86)/arduino/hardware/tools/avr/bin/../lib/gcc/avr/7.3.0/avr51\libgcc.a(_clear_bss.o)
                              obj/Joystick.o (__do_clear_bss)
c:/program files (x86)/arduino/hardware/tools/avr/bin/../lib/gcc/avr/7.3.0/avr51\libgcc.a(_udivmodhi4.o)
                              c:/program files (x86)/arduino/hardware/tools/avr/bin/../lib/gcc/avr/7.3.0/avr51\libgcc.a(_divmodhi4.o) (__udivmodhi4)
c:/program files (x86)/arduino/hardware/tools/avr/bin/../lib/gcc/avr/7.3.0/../../../../avr/lib/avr51\libat90usb1286.a(eerd_byte.o)
                              obj/EndpointStream_AVR8.o (eeprom_read_byte)
c:/program files (x86)/arduino/hardware/tools/avr/bin/../lib/gcc/avr/7.3.0/../../../../avr/lib/avr51\libat90usb1286.a(eeupd_byte.o)
                              obj/EndpointStream_AVR8.o (eeprom_update_byte)

Allocating common symbols
Common symbol       size              file

USB_IsInitialized   0x1               obj/USBTask.o
USB_DeviceState     0x1               obj/USBTask.o
USB_Device_ConfigurationNumber
                    0x1               obj/DeviceStandardReq.o
USB_Device_CurrentlySelfPowered
                    0x1               obj/DeviceStandardReq.o
USB_ControlRequest  0x8               obj/USBTask.o
USB_Device_RemoteWakeupEnabled
                    0x1               obj/DeviceStandardReq.o

Discarded input sections

 .data          0x00000000        0x0 c:/program files (x86)/arduino/hardware/tools/avr/bin/../lib/gcc/avr/7.3.0/../../../../avr/lib/avr51/crtat90usb1286.o
 .bss           0x00000000        0x0 c:/program files (x86)/arduino/hardware/tools/avr/bin/../lib/gcc/avr/7.3.0/../../../../avr/lib/avr51/crtat90usb1286.o
 .text          0x00000000        0x0 obj/Joystick.o
 COMMON         0x00000000        0x0 obj/Joystick.o
 .text          0x00000000        0x0 obj/Descriptors.o
 .data          0x00000000        0x0 obj/Descriptors.o
 .bss           0x00000000        0x0 obj/Descriptors.o
 .text          0x00000000        0x0 obj/image.o
 .bss           0x00000000        0x0 obj/image.o
 .text          0x00000000        0x0 obj/HIDParser.o
 .data          0x00000000        0x0 obj/HIDParser.o
 .bss           0x00000000        0x0 obj/HIDParser.o
 .text.USB_ProcessHIDReport
                0x00000000      0x6e0 obj/HIDParser.o
 .text.USB_GetHIDReportItemInfo
                0x00000000       0xbc obj/HIDParser.o
 .text.USB_SetHIDReportItemInfo
                0x00000000       0xb2 obj/HIDParser.o
 .text.USB_GetHIDReportSize
                0x00000000       0x56 obj/HIDParser.o
 .debug_info    0x00000000      0x728 obj/HIDParser.o
 .debug_abbrev  0x00000000      0x220 obj/HIDParser.o
 .debug_loc     0x00000000      0xb56 obj/HIDParser.o
 .debug_aranges
                0x00000000       0x38 obj/HIDParser.o
 .debug_ranges  0x00000000      0x110 obj/HIDParser.o
 .debug_line    0x00000000      0x5a5 obj/HIDParser.o
 .debug_str     0x00000000      0x6c5 obj/HIDParser.o
 .comment       0x00000000       0x12 obj/HIDParser.o
 .debug_frame   0x00000000      0x114 obj/HIDParser.o
 .text          0x00000000        0x0 obj/Device_AVR8.o
 .data          0x00000000        0x0 obj/Device_AVR8.o
 .bss           0x00000000        0x0 obj/Device_AVR8.o
 .text.USB_Device_SendRemoteWakeup
                0x00000000       0x2c obj/Device_AVR8.o
 .debug_info    0x00000000      0x18c obj/Device_AVR8.o
 .debug_abbrev  0x00000000       0xb6 obj/Device_AVR8.o
 .debug_aranges
                0x00000000       0x20 obj/Device_AVR8.o
 .debug_ranges  0x00000000       0x10 obj/Device_AVR8.o
 .debug_line    0x00000000      0x18d obj/Device_AVR8.o
 .debug_str     0x00000000      0x2df obj/Device_AVR8.o
 .comment       0x00000000       0x12 obj/Device_AVR8.o
 .debug_frame   0x00000000       0x24 obj/Device_AVR8.o
 .text          0x00000000        0x0 obj/EndpointStream_AVR8.o
 .data          0x00000000        0x0 obj/EndpointStream_AVR8.o
 .bss           0x00000000        0x0 obj/EndpointStream_AVR8.o
 .text.Endpoint_Discard_Stream
                0x00000000       0x78 obj/EndpointStream_AVR8.o
 .text.Endpoint_Null_Stream
                0x00000000       0x78 obj/EndpointStream_AVR8.o
 .text.Endpoint_Write_Stream_BE
                0x00000000       0xac obj/EndpointStream_AVR8.o
 .text.Endpoint_Read_Stream_BE
                0x00000000       0xac obj/EndpointStream_AVR8.o
 .text.Endpoint_Write_PStream_LE
                0x00000000       0xa4 obj/EndpointStream_AVR8.o
 .text.Endpoint_Write_PStream_BE
                0x00000000       0xae obj/EndpointStream_AVR8.o
 .text.Endpoint_Write_EStream_LE
                0x00000000       0xa6 obj/EndpointStream_AVR8.o
 .text.Endpoint_Write_EStream_BE
                0x00000000       0xb0 obj/EndpointStream_AVR8.o
 .text.Endpoint_Read_EStream_LE
                0x00000000       0xa6 obj/EndpointStream_AVR8.o
 .text.Endpoint_Read_EStream_BE
                0x00000000       0xb0 obj/EndpointStream_AVR8.o
 .text.Endpoint_Write_Control_Stream_BE
                0x00000000       0xc6 obj/EndpointStream_AVR8.o
 .text.Endpoint_Read_Control_Stream_BE
                0x00000000       0x7e obj/EndpointStream_AVR8.o
 .text.Endpoint_Write_Control_PStream_BE
                0x00000000       0xc2 obj/EndpointStream_AVR8.o
 .text.Endpoint_Write_Control_EStream_LE
                0x00000000       0xd8 obj/EndpointStream_AVR8.o
 .text.Endpoint_Write_Control_EStream_BE
                0x00000000       0xe8 obj/EndpointStream_AVR8.o
 .text.Endpoint_Read_Control_EStream_LE
                0x00000000       0x86 obj/EndpointStream_AVR8.o
 .text.Endpoint_Read_Control_EStream_BE
                0x00000000       0x8e obj/EndpointStream_AVR8.o
 .text          0x00000000        0x0 obj/Endpoint_AVR8.o
 .data          0x00000000        0x0 obj/Endpoint_AVR8.o
 .bss           0x00000000        0x0 obj/Endpoint_AVR8.o
 .text.Endpoint_ConfigureEndpointTable
                0x00000000       0x7a obj/Endpoint_AVR8.o
 .text.Endpoint_ClearEndpoints
                0x00000000       0x28 obj/Endpoint_AVR8.o
 .text          0x00000000        0x0 obj/Host_AVR8.o
 .data          0x00000000        0x0 obj/Host_AVR8.o
 .bss           0x00000000        0x0 obj/Host_AVR8.o
 .debug_info    0x00000000       0x56 obj/Host_AVR8.o
 .debug_abbrev  0x00000000       0x26 obj/Host_AVR8.o
 .debug_aranges
                0x00000000       0x18 obj/Host_AVR8.o
 .debug_line    0x00000000       0x1a obj/Host_AVR8.o
 .debug_str     0x00000000      0x1a9 obj/Host_AVR8.o
 .comment       0x00000000       0x12 obj/Host_AVR8.o
 .text          0x00000000        0x0 obj/PipeStream_AVR8.o
 .data          0x00000000        0x0 obj/PipeStream_AVR8.o
 .bss           0x00000000        0x0 obj/PipeStream_AVR8.o
 .debug_info    0x00000000       0x56 obj/PipeStream_AVR8.o
 .debug_abbrev  0x00000000       0x26 obj/PipeStream_AVR8.o
 .debug_aranges
                0x00000000       0x18 obj/PipeStream_AVR8.o
 .debug_line    0x00000000       0x1a obj/PipeStream_AVR8.o
 .debug_str     0x00000000      0x1af obj/PipeStream_AVR8.o
 .comment       0x00000000       0x12 obj/PipeStream_AVR8.o
 .text          0x00000000        0x0 obj/Pipe_AVR8.o
 .data          0x00000000        0x0 obj/Pipe_AVR8.o
 .bss           0x00000000        0x0 obj/Pipe_AVR8.o
 .debug_info    0x00000000       0x56 obj/Pipe_AVR8.o
 .debug_abbrev  0x00000000       0x26 obj/Pipe_AVR8.o
 .debug_aranges
                0x00000000       0x18 obj/Pipe_AVR8.o
 .debug_line    0x00000000       0x1a obj/Pipe_AVR8.o
 .debug_str     0x00000000      0x1a9 obj/Pipe_AVR8.o
 .comment       0x00000000       0x12 obj/Pipe_AVR8.o
 .text          0x00000000        0x0 obj/USBController_AVR8.o
 .data          0x00000000        0x0 obj/USBController_AVR8.o
 .bss           0x00000000        0x0 obj/USBController_AVR8.o
 .text.USB_Disable
                0x00000000       0x34 obj/USBController_AVR8.o
 .text          0x00000000        0x0 obj/USBInterrupt_AVR8.o
 .data          0x00000000        0x0 obj/USBInterrupt_AVR8.o
 .bss           0x00000000        0x0 obj/USBInterrupt_AVR8.o
 .text          0x00000000        0x0 obj/ConfigDescriptors.o
 .data          0x00000000        0x0 obj/ConfigDescriptors.o
 .bss           0x00000000        0x0 obj/ConfigDescriptors.o
 .text.USB_GetNextDescriptor
                0x00000000       0x3c obj/ConfigDescriptors.o
 .text.USB_GetNextDescriptorOfType
                0x00000000       0x38 obj/ConfigDescriptors.o
 .text.USB_GetNextDescriptorOfTypeBefore
                0x00000000       0x46 obj/ConfigDescriptors.o
 .text.USB_GetNextDescriptorOfTypeAfter
                0x00000000       0x3e obj/ConfigDescriptors.o
 .text.USB_GetNextDescriptorComp
                0x00000000       0x66 obj/ConfigDescriptors.o
 .debug_info    0x00000000      0x492 obj/ConfigDescriptors.o
 .debug_abbrev  0x00000000      0x1b9 obj/ConfigDescriptors.o
 .debug_loc     0x00000000      0x59f obj/ConfigDescriptors.o
 .debug_aranges
                0x00000000       0x40 obj/ConfigDescriptors.o
 .debug_ranges  0x00000000       0x30 obj/ConfigDescriptors.o
 .debug_line    0x00000000      0x236 obj/ConfigDescriptors.o
 .debug_str     0x00000000      0x4e1 obj/ConfigDescriptors.o
 .comment       0x00000000       0x12 obj/ConfigDescriptors.o
 .debug_frame   0x00000000       0xfc obj/ConfigDescriptors.o
 .text          0x00000000        0x0 obj/DeviceStandardReq.o
 .data          0x00000000        0x0 obj/DeviceStandardReq.o
 .bss           0x00000000        0x0 obj/DeviceStandardReq.o
 .text          0x00000000        0x0 obj/Events.o
 .data          0x00000000        0x0 obj/Events.o
 .bss           0x00000000        0x0 obj/Events.o
 .text.USB_Event_Stub_2
                0x00000000        0x2 obj/Events.o
 .text.USB_Event_Stub_3
                0x00000000        0x2 obj/Events.o
 .text          0x00000000        0x0 obj/HostStandardReq.o
 .data          0x00000000        0x0 obj/HostStandardReq.o
 .bss           0x00000000        0x0 obj/HostStandardReq.o
 .debug_info    0x00000000       0x56 obj/HostStandardReq.o
 .debug_abbrev  0x00000000       0x26 obj/HostStandardReq.o
 .debug_aranges
                0x00000000       0x18 obj/HostStandardReq.o
 .debug_line    0x00000000       0x1a obj/HostStandardReq.o
 .debug_str     0x00000000      0x1aa obj/HostStandardReq.o
 .comment       0x00000000       0x12 obj/HostStandardReq.o
 .text          0x00000000        0x0 obj/USBTask.o
 .data          0x00000000        0x0 obj/USBTask.o
 .bss           0x00000000        0x0 obj/USBTask.o
 .text          0x00000000        0x0 c:/program files (x86)/arduino/hardware/tools/avr/bin/../lib/gcc/avr/7.3.0/avr51\libgcc.a(_divmodhi4.o)
 .data          0x00000000        0x0 c:/program files (x86)/arduino/hardware/tools/avr/bin/../lib/gcc/avr/7.3.0/avr51\libgcc.a(_divmodhi4.o)
 .bss           0x00000000        0x0 c:/program files (x86)/arduino/hardware/tools/avr/bin/../lib/gcc/avr/7.3.0/avr51\libgcc.a(_divmodhi4.o)
 .text.libgcc.mul
                0x00000000        0x0 c:/program files (x86)/arduino/hardware/tools/avr/bin/../lib/gcc/avr/7.3.0/avr51\libgcc.a(_divmodhi4.o)
 .text.libgcc   0x00000000        0x0 c:/program files (x86)/arduino/hardware/tools/avr/bin/../lib/gcc/avr/7.3.0/avr51\libgcc.a(_divmodhi4.o)
 .text.libgcc.prologue
                0x00000000        0x0 c:/program files (x86)/arduino/hardware/tools/avr/bin/../lib/gcc/avr/7.3.0/avr51\libgcc.a(_divmodhi4.o)
 .text.libgcc.builtins
                0x00000000        0x0 c:/program files (x86)/arduino/hardware/tools/avr/bin/../lib/gcc/avr/7.3.0/avr51\libgcc.a(_divmodhi4.o)
 .text.libgcc.fmul
                0x00000000        0x0 c:/program files (x86)/arduino/hardware/tools/avr/bin/../lib/gcc/avr/7.3.0/avr51\libgcc.a(_divmodhi4.o)
 .text.libgcc.fixed
                0x00000000        0x0 c:/program files (x86)/arduino/hardware/tools/avr/bin/../lib/gcc/avr/7.3.0/avr51\libgcc.a(_divmodhi4.o)
 .text          0x00000000        0x0 c:/program files (x86)/arduino/hardware/tools/avr/bin/../lib/gcc/avr/7.3.0/avr51\libgcc.a(_exit.o)
 .data          0x00000000        0x0 c:/program files (x86)/arduino/hardware/tools/avr/bin/../lib/gcc/avr/7.3.0/avr51\libgcc.a(_exit.o)
 .bss           0x00000000        0x0 c:/program files (x86)/arduino/hardware/tools/avr/bin/../lib/gcc/avr/7.3.0/avr51\libgcc.a(_exit.o)
 .text.libgcc.mul
                0x00000000        0x0 c:/program files (x86)/arduino/hardware/tools/avr/bin/../lib/gcc/avr/7.3.0/avr51\libgcc.a(_exit.o)
 .text.libgcc.div
                0x00000000        0x0 c:/program files (x86)/arduino/hardware/tools/avr/bin/../lib/gcc/avr/7.3.0/avr51\libgcc.a(_exit.o)
 .text.libgcc   0x00000000        0x0 c:/program files (x86)/arduino/hardware/tools/avr/bin/../lib/gcc/avr/7.3.0/avr51\libgcc.a(_exit.o)
 .text.libgcc.prologue
                0x00000000        0x0 c:/program files (x86)/arduino/hardware/tools/avr/bin/../lib/gcc/avr/7.3.0/avr51\libgcc.a(_exit.o)
 .text.libgcc.builtins
                0x00000000        0x0 c:/program files (x86)/arduino/hardware/tools/avr/bin/../lib/gcc/avr/7.3.0/avr51\libgcc.a(_exit.o)
 .text.libgcc.fmul
                0x00000000        0x0 c:/program files (x86)/arduino/hardware/tools/avr/bin/../lib/gcc/avr/7.3.0/avr51\libgcc.a(_exit.o)
 .text.libgcc.fixed
                0x00000000        0x0 c:/program files (x86)/arduino/hardware/tools/avr/bin/../lib/gcc/avr/7.3.0/avr51\libgcc.a(_exit.o)
 .text          0x00000000        0x0 c:/program files (x86)/arduino/hardware/tools/avr/bin/../lib/gcc/avr/7.3.0/avr51\libgcc.a(_copy_data.o)
 .data          0x00000000        0x0 c:/program files (x86)/arduino/hardware/tools/avr/bin/../lib/gcc/avr/7.3.0/avr51\libgcc.a(_copy_data.o)
 .bss           0x00000000        0x0 c:/program files (x86)/arduino/hardware/tools/avr/bin/../lib/gcc/avr/7.3.0/avr51\libgcc.a(_copy_data.o)
 .text.libgcc.mul
                0x00000000        0x0 c:/program files (x86)/arduino/hardware/tools/avr/bin/../lib/gcc/avr/7.3.0/avr51\libgcc.a(_copy_data.o)
 .text.libgcc.div
                0x00000000        0x0 c:/program files (x86)/arduino/hardware/tools/avr/bin/../lib/gcc/avr/7.3.0/avr51\libgcc.a(_copy_data.o)
 .text.libgcc   0x00000000        0x0 c:/program files (x86)/arduino/hardware/tools/avr/bin/../lib/gcc/avr/7.3.0/avr51\libgcc.a(_copy_data.o)
 .text.libgcc.prologue
                0x00000000        0x0 c:/program files (x86)/arduino/hardware/tools/avr/bin/../lib/gcc/avr/7.3.0/avr51\libgcc.a(_copy_data.o)
 .text.libgcc.builtins
                0x00000000        0x0 c:/program files (x86)/arduino/hardware/tools/avr/bin/../lib/gcc/avr/7.3.0/avr51\libgcc.a(_copy_data.o)
 .text.libgcc.fmul
                0x00000000        0x0 c:/program files (x86)/arduino/hardware/tools/avr/bin/../lib/gcc/avr/7.3.0/avr51\libgcc.a(_copy_data.o)
 .text.libgcc.fixed
                0x00000000        0x0 c:/program files (x86)/arduino/hardware/tools/avr/bin/../lib/gcc/avr/7.3.0/avr51\libgcc.a(_copy_data.o)
 .text          0x00000000        0x0 c:/program files (x86)/arduino/hardware/tools/avr/bin/../lib/gcc/avr/7.3.0/avr51\libgcc.a(_clear_bss.o)
 .data          0x00000000        0x0 c:/program files (x86)/arduino/hardware/tools/avr/bin/../lib/gcc/avr/7.3.0/avr51\libgcc.a(_clear_bss.o)
 .bss           0x00000000        0x0 c:/program files (x86)/arduino/hardware/tools/avr/bin/../lib/gcc/avr/7.3.0/avr51\libgcc.a(_clear_bss.o)
 .text.libgcc.mul
                0x00000000        0x0 c:/program files (x86)/arduino/hardware/tools/avr/bin/../lib/gcc/avr/7.3.0/avr51\libgcc.a(_clear_bss.o)
 .text.libgcc.div
                0x00000000        0x0 c:/program files (x86)/arduino/hardware/tools/avr/bin/../lib/gcc/avr/7.3.0/avr51\libgcc.a(_clear_bss.o)
 .text.libgcc   0x00000000        0x0 c:/program files (x86)/arduino/hardware/tools/avr/bin/../lib/gcc/avr/7.3.0/avr51\libgcc.a(_clear_bss.o)
 .text.libgcc.prologue
                0x00000000        0x0 c:/program files (x86)/arduino/hardware/tools/avr/bin/../lib/gcc/avr/7.3.0/avr51\libgcc.a(_clear_bss.o)
 .text.libgcc.builtins
                0x00000000        0x0 c:/program files (x86)/arduino/hardware/tools/avr/bin/../lib/gcc/avr/7.3.0/avr51\libgcc.a(_clear_bss.o)
 .text.libgcc.fmul
                0x00000000        0x0 c:/program files (x86)/arduino/hardware/tools/avr/bin/../lib/gcc/avr/7.3.0/avr51\libgcc.a(_clear_bss.o)
 .text.libgcc.fixed
                0x00000000        0x0 c:/program files (x86)/arduino/hardware/tools/avr/bin/../lib/gcc/avr/7.3.0/avr51\libgcc.a(_clear_bss.o)
 .text          0x00000000        0x0 c:/program files (x86)/arduino/hardware/tools/avr/bin/../lib/gcc/avr/7.3.0/avr51\libgcc.a(_udivmodhi4.o)
 .data          0x00000000        0x0 c:/program files (x86)/arduino/hardware/tools/avr/bin/../lib/gcc/avr/7.3.0/avr51\libgcc.a(_udivmodhi4.o)
 .bss           0x00000000        0x0 c:/program files (x86)/arduino/hardware/tools/avr/bin/../lib/gcc/avr/7.3.0/avr51\libgcc.a(_udivmodhi4.o)
 .text.libgcc.mul
                0x00000000        0x0 c:/program files (x86)/arduino/hardware/tools/avr/bin/../lib/gcc/avr/7.3.0/avr51\libgcc.a(_udivmodhi4.o)
 .text.libgcc   0x00000000        0x0 c:/program files (x86)/arduino/hardware/tools/avr/bin/../lib/gcc/avr/7.3.0/avr51\libgcc.a(_udivmodhi4.o)
 .text.libgcc.prologue
                0x00000000        0x0 c:/program files (x86)/arduino/hardware/tools/avr/bin/../lib/gcc/avr/7.3.0/avr51\libgcc.a(_udivmodhi4.o)
 .text.libgcc.builtins
                0x00000000        0x0 c:/program files (x86)/arduino/hardware/tools/avr/bin/../lib/gcc/avr/7.3.0/avr51\libgcc.a(_udivmodhi4.o)
 .text.libgcc.fmul
                0x00000000        0x0 c:/program files (x86)/arduino/hardware/tools/avr/bin/../lib/gcc/avr/7.3.0/avr51\libgcc.a(_udivmodhi4.o)
 .text.libgcc.fixed
                0x00000000        0x0 c:/program files (x86)/arduino/hardware/tools/avr/bin/../lib/gcc/avr/7.3.0/avr51\libgcc.a(_udivmodhi4.o)
 .text          0x00000000        0x0 c:/program files (x86)/arduino/hardware/tools/avr/bin/../lib/gcc/avr/7.3.0/../../../../avr/lib/avr51\libat90usb1286.a(eerd_byte.o)
 .data          0x00000000        0x0 c:/program files (x86)/arduino/hardware/tools/avr/bin/../lib/gcc/avr/7.3.0/../../../../avr/lib/avr51\libat90usb1286.a(eerd_byte.o)
 .bss           0x00000000        0x0 c:/program files (x86)/arduino/hardware/tools/avr/bin/../lib/gcc/avr/7.3.0/../../../../avr/lib/avr51\libat90usb1286.a(eerd_byte.o)
 .text.avr-libc
                0x00000000       0x10 c:/program files (x86)/arduino/hardware/tools/avr/bin/../lib/gcc/avr/7.3.0/../../../../avr/lib/avr51\libat90usb1286.a(eerd_byte.o)
 .text          0x00000000        0x0 c:/program files (x86)/arduino/hardware/tools/avr/bin/../lib/gcc/avr/7.3.0/../../../../avr/lib/avr51\libat90usb1286.a(eeupd_byte.o)
 .data          0x00000000        0x0 c:/program files (x86)/arduino/hardware/tools/avr/bin/../lib/gcc/avr/7.3.0/../../../../avr/lib/avr51\libat90usb1286.a(eeupd_byte.o)
 .bss           0x00000000        0x0 c:/program files (x86)/arduino/hardware/tools/avr/bin/../lib/gcc/avr/7.3.0/../../../../avr/lib/avr51\libat90usb1286.a(eeupd_byte.o)
 .text.avr-libc
                0x00000000       0x24 c:/program files (x86)/arduino/hardware/tools/avr/bin/../lib/gcc/avr/7.3.0/../../../../avr/lib/avr51\libat90usb1286.a(eeupd_byte.o)

Memory Configuration

Name             Origin             Length             Attributes
text             0x00000000         0x00020000         xr
data             0x00800100         0x0000ff00         rw !x
eeprom           0x00810000         0x00010000         rw !x
fuse             0x00820000         0x00000003         rw !x
lock             0x00830000         0x00000400         rw !x
signature        0x00840000         0x00000400         rw !x
user_signatures  0x00850000         0x00000400         rw !x
*default*        0x00000000         0xffffffff

Linker script and memory map

Address of section .data set to 0x800100
LOAD c:/program files (x86)/arduino/hardware/tools/avr/bin/../lib/gcc/avr/7.3.0/../../../../avr/lib/avr51/crtat90usb1286.o
LOAD obj/Joystick.o
LOAD obj/Descriptors.o
LOAD obj/image.o
LOAD obj/HIDParser.o
LOAD obj/Device_AVR8.o
LOAD obj/EndpointStream_AVR8.o
LOAD obj/Endpoint_AVR8.o
LOAD obj/Host_AVR8.o
LOAD obj/PipeStream_AVR8.o
LOAD obj/Pipe_AVR8.o
LOAD obj/USBController_AVR8.o
LOAD obj/USBInterrupt_AVR8.o
LOAD obj/ConfigDescriptors.o
LOAD obj/DeviceStandardReq.o
LOAD obj/Events.o
LOAD obj/HostStandardReq.o
LOAD obj/USBTask.o
LOAD c:/program files (x86)/arduino/hardware/tools/avr/bin/../lib/gcc/avr/7.3.0/../../../../avr/lib/avr51\libm.a
START GROUP
LOAD c:/program files (x86)/arduino/hardware/tools/avr/bin/../lib/gcc/avr/7.3.0/avr51\libgcc.a
LOAD c:/program files (x86)/arduino/hardware/tools/avr/bin/../lib/gcc/avr/7.3.0/../../../../avr/lib/avr51\libm.a
LOAD c:/program files (x86)/arduino/hardware/tools/avr/bin/../lib/gcc/avr/7.3.0/../../../../avr/lib/avr51\libc.a
LOAD c:/program files (x86)/arduino/hardware/tools/avr/bin/../lib/gcc/avr/7.3.0/../../../../avr/lib/avr51\libat90usb1286.a
END GROUP
                0x00020000                __TEXT_REGION_LENGTH__ = DEFINED (__TEXT_REGION_LENGTH__)?__TEXT_REGION_LENGTH__:0x20000
                0x0000ff00                __DATA_REGION_LENGTH__ = DEFINED (__DATA_REGION_LENGTH__)?__DATA_REGION_LENGTH__:0xff00
                0x00010000                __EEPROM_REGION_LENGTH__ = DEFINED (__EEPROM_REGION_LENGTH__)?__EEPROM_REGION_LENGTH__:0x10000
                [0x00000003]                __FUSE_REGION_LENGTH__ = DEFINED (__FUSE_REGION_LENGTH__)?__FUSE_REGION_LENGTH__:0x400
                0x00000400                __LOCK_REGION_LENGTH__ = DEFINED (__LOCK_REGION_LENGTH__)?__LOCK_REGION_LENGTH__:0x400
                0x00000400                __SIGNATURE_REGION_LENGTH__ = DEFINED (__SIGNATURE_REGION_LENGTH__)?__SIGNATURE_REGION_LENGTH__:0x400
                0x00000400                __USER_SIGNATURE_REGION_LENGTH__ = DEFINED (__USER_SIGNATURE_REGION_LENGTH__)?__USER_SIGNATURE_REGION_LENGTH__:0x400
                0x00800100                __DATA_REGION_ORIGIN__ = DEFINED (__DATA_REGION_ORIGIN__)?__DATA_REGION_ORIGIN__:0x800100

.hash
 *(.hash)

.dynsym
 *(.dynsym)

.dynstr
 *(.dynstr)

.gnu.version
 *(.gnu.version)

.gnu.version_d
 *(.gnu.version_d)

.gnu.version_r
 *(.gnu.version_r)

.rel.init
 *(.rel.init)

.rela.init
 *(.rela.init)

.rel.text
 *(.rel.text)
 *(.rel.text.*)
 *(.rel.gnu.linkonce.t*)

.rela.text
 *(.rela.text)
 *(.rela.text.*)
 *(.rela.gnu.linkonce.t*)

.rel.fini
 *(.rel.fini)

.rela.fini
 *(.rela.fini)

.rel.rodata
 *(.rel.rodata)
 *(.rel.rodata.*)
 *(.rel.gnu.linkonce.r*)

.rela.rodata
 *(.rela.rodata)
 *(.rela.rodata.*)
 *(.rela.gnu.linkonce.r*)

.rel.data
 *(.rel.data)
 *(.rel.data.*)
 *(.rel.gnu.linkonce.d*)

.rela.data
 *(.rela.data)
 *(.rela.data.*)
 *(.rela.gnu.linkonce.d*)

.rel.ctors
 *(.rel.ctors)

.rela.ctors
 *(.rela.ctors)

.rel.dtors
 *(.rel.dtors)

.rela.dtors
 *(.rela.dtors)

.rel.got
 *(.rel.got)

.rela.got
 *(.rela.got)

.rel.bss
 *(.rel.bss)

.rela.bss
 *(.rela.bss)

.rel.plt
 *(.rel.plt)

.rela.plt
 *(.rela.plt)

.text           0x00000000      0xf10
 *(.vectors)
 .vectors       0x00000000       0x98 c:/program files (x86)/arduino/hardware/tools/avr/bin/../lib/gcc/avr/7.3.0/../../../../avr/lib/avr51/crtat90usb1286.o
                0x00000000                __vector_default
                0x00000000                __vectors
 *(.vectors)
 *(.progmem.gcc*)
                0x00000098                . = ALIGN (0x2)
                0x00000098                __trampolines_start = .
 *(.trampolines)
 .trampolines   0x00000098        0x0 linker stubs
 *(.trampolines*)
                0x00000098                __trampolines_end = .
 *libprintf_flt.a:*(.progmem.data)
 *libc.a:*(.progmem.data)
 *(.progmem*)
 .progmem.data  0x00000098       0xd9 obj/Descriptors.o
                0x00000098                ProductString
                0x000000be                ManufacturerString
                0x000000dc                LanguageString
                0x000000e0                ConfigurationDescriptor
                0x00000109                DeviceDescriptor
                0x0000011b                JoystickReport
                0x00000172                . = ALIGN (0x2)
 *fill*         0x00000171        0x1 
 *(.jumptables)
 *(.jumptables*)
 *(.lowtext)
 *(.lowtext*)
                0x00000172                __ctors_start = .
 *(.ctors)
                0x00000172                __ctors_end = .
                0x00000172                __dtors_start = .
 *(.dtors)
                0x00000172                __dtors_end = .
 SORT(*)(.ctors)
 SORT(*)(.dtors)
 *(.init0)
 .init0         0x00000172        0x0 c:/program files (x86)/arduino/hardware/tools/avr/bin/../lib/gcc/avr/7.3.0/../../../../avr/lib/avr51/crtat90usb1286.o
                0x00000172                __init
 *(.init0)
 *(.init1)
 *(.init1)
 *(.init2)
 .init2         0x00000172        0xc c:/program files (x86)/arduino/hardware/tools/avr/bin/../lib/gcc/avr/7.3.0/../../../../avr/lib/avr51/crtat90usb1286.o
 *(.init2)
 *(.init3)
 *(.init3)
 *(.init4)
 .init4         0x0000017e       0x1a c:/program files (x86)/arduino/hardware/tools/avr/bin/../lib/gcc/avr/7.3.0/avr51\libgcc.a(_copy_data.o)
                0x0000017e                __do_copy_data
 .init4         0x00000198       0x10 c:/program files (x86)/arduino/hardware/tools/avr/bin/../lib/gcc/avr/7.3.0/avr51\libgcc.a(_clear_bss.o)
                0x00000198                __do_clear_bss
 *(.init4)
 *(.init5)
 *(.init5)
 *(.init6)
 *(.init6)
 *(.init7)
 *(.init7)
 *(.init8)
 *(.init8)
 *(.init9)
 .init9         0x000001a8        0x4 c:/program files (x86)/arduino/hardware/tools/avr/bin/../lib/gcc/avr/7.3.0/../../../../avr/lib/avr51/crtat90usb1286.o
 *(.init9)
 *(.text)
 .text          0x000001ac        0x2 c:/program files (x86)/arduino/hardware/tools/avr/bin/../lib/gcc/avr/7.3.0/../../../../avr/lib/avr51/crtat90usb1286.o
                0x000001ac                __vector_22
                0x000001ac                __vector_28
                0x000001ac                __vector_1
                0x000001ac                __vector_32
                0x000001ac                __vector_34
                0x000001ac                __vector_24
                0x000001ac                __vector_12
                0x000001ac                __bad_interrupt
                0x000001ac                __vector_6
                0x000001ac                __vector_31
                0x000001ac                __vector_35
                0x000001ac                __vector_3
                0x000001ac                __vector_23
                0x000001ac                __vector_30
                0x000001ac                __vector_25
                0x000001ac                __vector_11
                0x000001ac                __vector_13
                0x000001ac                __vector_17
                0x000001ac                __vector_19
                0x000001ac                __vector_7
                0x000001ac                __vector_27
                0x000001ac                __vector_5
                0x000001ac                __vector_33
                0x000001ac                __vector_37
                0x000001ac                __vector_4
                0x000001ac                __vector_9
                0x000001ac                __vector_2
                0x000001ac                __vector_21
                0x000001ac                __vector_15
                0x000001ac                __vector_36
                0x000001ac                __vector_29
                0x000001ac                __vector_8
                0x000001ac                __vector_26
                0x000001ac                __vector_14
                0x000001ac                __vector_16
                0x000001ac                __vector_18
                0x000001ac                __vector_20
                0x000001ae                . = ALIGN (0x2)
 *(.text.*)
 .text.SetupHardware
                0x000001ae       0x42 obj/Joystick.o
                0x000001ae                SetupHardware
 .text.EVENT_USB_Device_Connect
                0x000001f0        0x2 obj/Joystick.o
                0x000001f0                EVENT_USB_Device_Connect
 .text.EVENT_USB_Device_Disconnect
                0x000001f2        0x2 obj/Joystick.o
                0x000001f2                EVENT_USB_Device_Disconnect
 .text.EVENT_USB_Device_ConfigurationChanged
                0x000001f4       0x10 obj/Joystick.o
                0x000001f4                EVENT_USB_Device_ConfigurationChanged
 .text.GetNextReport
                0x00000204      0x1ba obj/Joystick.o
                0x00000204                GetNextReport
 .text.EVENT_USB_Device_ControlRequest
                0x000003be       0x84 obj/Joystick.o
                0x000003be                EVENT_USB_Device_ControlRequest
 .text.HID_Task
                0x00000442       0x88 obj/Joystick.o
                0x00000442                HID_Task
 .text.startup.main
                0x000004ca        0xa obj/Joystick.o
                0x000004ca                main
 .text.CALLBACK_USB_GetDescriptor
                0x000004d4       0x82 obj/Descriptors.o
                0x000004d4                CALLBACK_USB_GetDescriptor
 .text.Endpoint_Write_Stream_LE
                0x00000556       0x9c obj/EndpointStream_AVR8.o
                0x00000556                Endpoint_Write_Stream_LE
 .text.Endpoint_Read_Stream_LE
                0x000005f2       0x9c obj/EndpointStream_AVR8.o
                0x000005f2                Endpoint_Read_Stream_LE
 .text.Endpoint_Write_Control_Stream_LE
                0x0000068e       0xba obj/EndpointStream_AVR8.o
                0x0000068e                Endpoint_Write_Control_Stream_LE
 .text.Endpoint_Read_Control_Stream_LE
                0x00000748       0x72 obj/EndpointStream_AVR8.o
                0x00000748                Endpoint_Read_Control_Stream_LE
 .text.Endpoint_Write_Control_PStream_LE
                0x000007ba       0xbc obj/EndpointStream_AVR8.o
                0x000007ba                Endpoint_Write_Control_PStream_LE
 .text.Endpoint_ConfigureEndpoint_Prv
                0x00000876       0x68 obj/Endpoint_AVR8.o
                0x00000876                Endpoint_ConfigureEndpoint_Prv
 .text.Endpoint_ClearStatusStage
                0x000008de       0x3e obj/Endpoint_AVR8.o
                0x000008de                Endpoint_ClearStatusStage
 .text.Endpoint_WaitUntilReady
                0x0000091c       0x5e obj/Endpoint_AVR8.o
                0x0000091c                Endpoint_WaitUntilReady
 .text.USB_ResetInterface
                0x0000097a       0x8a obj/USBController_AVR8.o
                0x0000097a                USB_ResetInterface
 .text.USB_Init
                0x00000a04       0x1c obj/USBController_AVR8.o
                0x00000a04                USB_Init
 .text.USB_INT_DisableAllInterrupts
                0x00000a20       0x10 obj/USBInterrupt_AVR8.o
                0x00000a20                USB_INT_DisableAllInterrupts
 .text.USB_INT_ClearAllInterrupts
                0x00000a30        0xa obj/USBInterrupt_AVR8.o
                0x00000a30                USB_INT_ClearAllInterrupts
 .text.__vector_10
                0x00000a3a      0x196 obj/USBInterrupt_AVR8.o
                0x00000a3a                __vector_10
 .text.USB_Device_ProcessControlRequest
                0x00000bd0      0x2b6 obj/DeviceStandardReq.o
                0x00000bd0                USB_Device_ProcessControlRequest
 .text.USB_Event_Stub
                0x00000e86        0x2 obj/Events.o
                0x00000e86                USB_Event_Stub
                0x00000e86                EVENT_USB_Device_Suspend
                0x00000e86                EVENT_USB_Device_StartOfFrame
                0x00000e86                EVENT_USB_Device_Reset
                0x00000e86                EVENT_USB_Device_WakeUp
 .text.USB_USBTask
                0x00000e88       0x36 obj/USBTask.o
                0x00000e88                USB_USBTask
 .text.libgcc.div
                0x00000ebe       0x26 c:/program files (x86)/arduino/hardware/tools/avr/bin/../lib/gcc/avr/7.3.0/avr51\libgcc.a(_divmodhi4.o)
                0x00000ebe                _div
                0x00000ebe                __divmodhi4
 .text.libgcc.div
                0x00000ee4       0x28 c:/program files (x86)/arduino/hardware/tools/avr/bin/../lib/gcc/avr/7.3.0/avr51\libgcc.a(_udivmodhi4.o)
                0x00000ee4                __udivmodhi4
                0x00000f0c                . = ALIGN (0x2)
 *(.fini9)
 .fini9         0x00000f0c        0x0 c:/program files (x86)/arduino/hardware/tools/avr/bin/../lib/gcc/avr/7.3.0/avr51\libgcc.a(_exit.o)
                0x00000f0c                _exit
                0x00000f0c                exit
 *(.fini9)
 *(.fini8)
 *(.fini8)
 *(.fini7)
 *(.fini7)
 *(.fini6)
 *(.fini6)
 *(.fini5)
 *(.fini5)
 *(.fini4)
 *(.fini4)
 *(.fini3)
 *(.fini3)
 *(.fini2)
 *(.fini2)
 *(.fini1)
 *(.fini1)
 *(.fini0)
 .fini0         0x00000f0c        0x4 c:/program files (x86)/arduino/hardware/tools/avr/bin/../lib/gcc/avr/7.3.0/avr51\libgcc.a(_exit.o)
 *(.fini0)
                0x00000f10                _etext = .

.data           0x00800100     0x12e8 load address 0x00000f10
                0x00800100                PROVIDE (__data_start, .)
 *(.data)
 .data          0x00800100       0x27 obj/Joystick.o
                0x00800100                reset
                0x00800101                other
                0x00800102                print_right
                0x00800103                ypos
                0x00800105                meme
                0x00800107                ButtonMap
 .data          0x00800127     0x12c1 obj/image.o
                0x00800127                image_data
 *(.data*)
 *(.gnu.linkonce.d*)
 *(.rodata)
 *(.rodata*)
 *(.gnu.linkonce.r*)
                0x008013e8                . = ALIGN (0x2)
                0x008013e8                _edata = .
                0x008013e8                PROVIDE (__data_end, .)

.bss            0x008013e8       0x21
                0x008013e8                PROVIDE (__bss_start, .)
 *(.bss)
 .bss           0x008013e8       0x14 obj/Joystick.o
                0x008013e8                done_printing
                0x008013e9                reset_count
                0x008013eb                reset_request
                0x008013ec                xpos
                0x008013ee                input_count
                0x008013f0                input_brakes
                0x008013f2                bd_state
                0x008013f4                pd_debounce
                0x008013f8                pb_debounce
 *(.bss*)
 *(COMMON)
 COMMON         0x008013fc        0x3 obj/DeviceStandardReq.o
                0x008013fc                USB_Device_ConfigurationNumber
                0x008013fd                USB_Device_CurrentlySelfPowered
                0x008013fe                USB_Device_RemoteWakeupEnabled
 COMMON         0x008013ff        0xa obj/USBTask.o
                0x008013ff                USB_IsInitialized
                0x00801400                USB_DeviceState
                0x00801401                USB_ControlRequest
                0x00801409                PROVIDE (__bss_end, .)
                0x00000f10                __data_load_start = LOADADDR (.data)
                0x000021f8                __data_load_end = (__data_load_start + SIZEOF (.data))

.noinit         0x00801409        0x0
                [!provide]                PROVIDE (__noinit_start, .)
 *(.noinit*)
                [!provide]                PROVIDE (__noinit_end, .)
                0x00801409                _end = .
                [!provide]                PROVIDE (__heap_start, .)

.eeprom         0x00810000        0x0
 *(.eeprom*)
                0x00810000                __eeprom_end = .

.fuse
 *(.fuse)
 *(.lfuse)
 *(.hfuse)
 *(.efuse)

.lock
 *(.lock*)

.signature
 *(.signature*)

.user_signatures
 *(.user_signatures*)

.stab
 *(.stab)

.stabstr
 *(.stabstr)

.stab.excl
 *(.stab.excl)

.stab.exclstr
 *(.stab.exclstr)

.stab.index
 *(.stab.index)

.stab.indexstr
 *(.stab.indexstr)

.comment        0x00000000       0x11
 *(.comment)
 .comment       0x00000000       0x11 obj/Joystick.o
                                 0x12 (size before relaxing)
 .comment       0x00000011       0x12 obj/Descriptors.o
 .comment       0x00000011       0x12 obj/image.o
 .comment       0x00000011       0x12 obj/EndpointStream_AVR8.o
 .comment       0x00000011       0x12 obj/Endpoint_AVR8.o
 .comment       0x00000011       0x12 obj/USBController_AVR8.o
 .comment       0x00000011       0x12 obj/USBInterrupt_AVR8.o
 .comment       0x00000011       0x12 obj/DeviceStandardReq.o
 .comment       0x00000011       0x12 obj/Events.o
 .comment       0x00000011       0x12 obj/USBTask.o

.note.gnu.avr.deviceinfo
                0x00000000       0x40
 .note.gnu.avr.deviceinfo
                0x00000000       0x40 c:/program files (x86)/arduino/hardware/tools/avr/bin/../lib/gcc/avr/7.3.0/../../../../avr/lib/avr51/crtat90usb1286.o

.note.gnu.build-id
 *(.note.gnu.build-id)

.debug
 *(.debug)

.line
 *(.line)

.debug_srcinfo
 *(.debug_srcinfo)

.debug_sfnames
 *(.debug_sfnames)

.debug_aranges  0x00000000      0x300
 *(.debug_aranges)
 .debug_aranges
                0x00000000       0x50 obj/Joystick.o
 .debug_aranges
                0x00000050       0x20 obj/Descriptors.o
 .debug_aranges
                0x00000070       0x18 obj/image.o
 .debug_aranges
                0x00000088       0xc8 obj/EndpointStream_AVR8.o
 .debug_aranges
                0x00000150       0x40 obj/Endpoint_AVR8.o
 .debug_aranges
                0x00000190       0x30 obj/USBController_AVR8.o
 .debug_aranges
                0x000001c0       0x30 obj/USBInterrupt_AVR8.o
 .debug_aranges
                0x000001f0       0x20 obj/DeviceStandardReq.o
 .debug_aranges
                0x00000210       0x30 obj/Events.o
 .debug_aranges
                0x00000240       0x20 obj/USBTask.o
 .debug_aranges
                0x00000260       0x20 c:/program files (x86)/arduino/hardware/tools/avr/bin/../lib/gcc/avr/7.3.0/avr51\libgcc.a(_divmodhi4.o)
 .debug_aranges
                0x00000280       0x20 c:/program files (x86)/arduino/hardware/tools/avr/bin/../lib/gcc/avr/7.3.0/avr51\libgcc.a(_exit.o)
 .debug_aranges
                0x000002a0       0x20 c:/program files (x86)/arduino/hardware/tools/avr/bin/../lib/gcc/avr/7.3.0/avr51\libgcc.a(_copy_data.o)
 .debug_aranges
                0x000002c0       0x20 c:/program files (x86)/arduino/hardware/tools/avr/bin/../lib/gcc/avr/7.3.0/avr51\libgcc.a(_clear_bss.o)
 .debug_aranges
                0x000002e0       0x20 c:/program files (x86)/arduino/hardware/tools/avr/bin/../lib/gcc/avr/7.3.0/avr51\libgcc.a(_udivmodhi4.o)

.debug_pubnames
 *(.debug_pubnames)

.debug_info     0x00000000     0x59da
 *(.debug_info .gnu.linkonce.wi.*)
 .debug_info    0x00000000      0x995 c:/program files (x86)/arduino/hardware/tools/avr/bin/../lib/gcc/avr/7.3.0/../../../../avr/lib/avr51/crtat90usb1286.o
 .debug_info    0x00000995      0xad8 obj/Joystick.o
 .debug_info    0x0000146d      0x888 obj/Descriptors.o
 .debug_info    0x00001cf5       0x84 obj/image.o
 .debug_info    0x00001d79     0x1821 obj/EndpointStream_AVR8.o
 .debug_info    0x0000359a      0x64a obj/Endpoint_AVR8.o
 .debug_info    0x00003be4      0x54b obj/USBController_AVR8.o
 .debug_info    0x0000412f      0x716 obj/USBInterrupt_AVR8.o
 .debug_info    0x00004845      0xa60 obj/DeviceStandardReq.o
 .debug_info    0x000052a5       0xe2 obj/Events.o
 .debug_info    0x00005387      0x2a7 obj/USBTask.o
 .debug_info    0x0000562e       0xbc c:/program files (x86)/arduino/hardware/tools/avr/bin/../lib/gcc/avr/7.3.0/avr51\libgcc.a(_divmodhi4.o)
 .debug_info    0x000056ea       0xbc c:/program files (x86)/arduino/hardware/tools/avr/bin/../lib/gcc/avr/7.3.0/avr51\libgcc.a(_exit.o)
 .debug_info    0x000057a6       0xbc c:/program files (x86)/arduino/hardware/tools/avr/bin/../lib/gcc/avr/7.3.0/avr51\libgcc.a(_copy_data.o)
 .debug_info    0x00005862       0xbc c:/program files (x86)/arduino/hardware/tools/avr/bin/../lib/gcc/avr/7.3.0/avr51\libgcc.a(_clear_bss.o)
 .debug_info    0x0000591e       0xbc c:/program files (x86)/arduino/hardware/tools/avr/bin/../lib/gcc/avr/7.3.0/avr51\libgcc.a(_udivmodhi4.o)

.debug_abbrev   0x00000000     0x1c4e
 *(.debug_abbrev)
 .debug_abbrev  0x00000000      0x910 c:/program files (x86)/arduino/hardware/tools/avr/bin/../lib/gcc/avr/7.3.0/../../../../avr/lib/avr51/crtat90usb1286.o
 .debug_abbrev  0x00000910      0x3cb obj/Joystick.o
 .debug_abbrev  0x00000cdb      0x1c8 obj/Descriptors.o
 .debug_abbrev  0x00000ea3       0x56 obj/image.o
 .debug_abbrev  0x00000ef9      0x20a obj/EndpointStream_AVR8.o
 .debug_abbrev  0x00001103      0x251 obj/Endpoint_AVR8.o
 .debug_abbrev  0x00001354      0x1af obj/USBController_AVR8.o
 .debug_abbrev  0x00001503      0x1d2 obj/USBInterrupt_AVR8.o
 .debug_abbrev  0x000016d5      0x2fc obj/DeviceStandardReq.o
 .debug_abbrev  0x000019d1       0x81 obj/Events.o
 .debug_abbrev  0x00001a52      0x198 obj/USBTask.o
 .debug_abbrev  0x00001bea       0x14 c:/program files (x86)/arduino/hardware/tools/avr/bin/../lib/gcc/avr/7.3.0/avr51\libgcc.a(_divmodhi4.o)
 .debug_abbrev  0x00001bfe       0x14 c:/program files (x86)/arduino/hardware/tools/avr/bin/../lib/gcc/avr/7.3.0/avr51\libgcc.a(_exit.o)
 .debug_abbrev  0x00001c12       0x14 c:/program files (x86)/arduino/hardware/tools/avr/bin/../lib/gcc/avr/7.3.0/avr51\libgcc.a(_copy_data.o)
 .debug_abbrev  0x00001c26       0x14 c:/program files (x86)/arduino/hardware/tools/avr/bin/../lib/gcc/avr/7.3.0/avr51\libgcc.a(_clear_bss.o)
 .debug_abbrev  0x00001c3a       0x14 c:/program files (x86)/arduino/hardware/tools/avr/bin/../lib/gcc/avr/7.3.0/avr51\libgcc.a(_udivmodhi4.o)

.debug_line     0x00000000     0x325c
 *(.debug_line .debug_line.* .debug_line_end)
 .debug_line    0x00000000       0x1a c:/program files (x86)/arduino/hardware/tools/avr/bin/../lib/gcc/avr/7.3.0/../../../../avr/lib/avr51/crtat90usb1286.o
 .debug_line    0x0000001a      0x53d obj/Joystick.o
 .debug_line    0x00000557      0x267 obj/Descriptors.o
 .debug_line    0x000007be       0x6f obj/image.o
 .debug_line    0x0000082d     0x13ef obj/EndpointStream_AVR8.o
 .debug_line    0x00001c1c      0x4ab obj/Endpoint_AVR8.o
 .debug_line    0x000020c7      0x300 obj/USBController_AVR8.o
 .debug_line    0x000023c7      0x46c obj/USBInterrupt_AVR8.o
 .debug_line    0x00002833      0x4b6 obj/DeviceStandardReq.o
 .debug_line    0x00002ce9       0xca obj/Events.o
 .debug_line    0x00002db3      0x187 obj/USBTask.o
 .debug_line    0x00002f3a       0xc8 c:/program files (x86)/arduino/hardware/tools/avr/bin/../lib/gcc/avr/7.3.0/avr51\libgcc.a(_divmodhi4.o)
 .debug_line    0x00003002       0x62 c:/program files (x86)/arduino/hardware/tools/avr/bin/../lib/gcc/avr/7.3.0/avr51\libgcc.a(_exit.o)
 .debug_line    0x00003064       0xa4 c:/program files (x86)/arduino/hardware/tools/avr/bin/../lib/gcc/avr/7.3.0/avr51\libgcc.a(_copy_data.o)
 .debug_line    0x00003108       0x86 c:/program files (x86)/arduino/hardware/tools/avr/bin/../lib/gcc/avr/7.3.0/avr51\libgcc.a(_clear_bss.o)
 .debug_line    0x0000318e       0xce c:/program files (x86)/arduino/hardware/tools/avr/bin/../lib/gcc/avr/7.3.0/avr51\libgcc.a(_udivmodhi4.o)

.debug_frame    0x00000000      0x6f0
 *(.debug_frame)
 .debug_frame   0x00000000       0xc0 obj/Joystick.o
 .debug_frame   0x000000c0       0x24 obj/Descriptors.o
 .debug_frame   0x000000e4      0x404 obj/EndpointStream_AVR8.o
 .debug_frame   0x000004e8       0x78 obj/Endpoint_AVR8.o
 .debug_frame   0x00000560       0x58 obj/USBController_AVR8.o
 .debug_frame   0x000005b8       0x8c obj/USBInterrupt_AVR8.o
 .debug_frame   0x00000644       0x3c obj/DeviceStandardReq.o
 .debug_frame   0x00000680       0x44 obj/Events.o
 .debug_frame   0x000006c4       0x2c obj/USBTask.o

.debug_str      0x00000000     0x2197
 *(.debug_str)
 .debug_str     0x00000000      0x349 c:/program files (x86)/arduino/hardware/tools/avr/bin/../lib/gcc/avr/7.3.0/../../../../avr/lib/avr51/crtat90usb1286.o
 .debug_str     0x00000349      0x7d8 obj/Joystick.o
                                0x830 (size before relaxing)
 .debug_str     0x00000b21      0x72b obj/Descriptors.o
                                0xa24 (size before relaxing)
 .debug_str     0x0000124c        0x8 obj/image.o
                                0x19b (size before relaxing)
 .debug_str     0x00001254      0x4c2 obj/EndpointStream_AVR8.o
                                0x8df (size before relaxing)
 .debug_str     0x00001716      0x267 obj/Endpoint_AVR8.o
                                0x693 (size before relaxing)
 .debug_str     0x0000197d      0x219 obj/USBController_AVR8.o
                                0x5b7 (size before relaxing)
 .debug_str     0x00001b96      0x12e obj/USBInterrupt_AVR8.o
                                0x5dd (size before relaxing)
 .debug_str     0x00001cc4      0x427 obj/DeviceStandardReq.o
                                0x9c4 (size before relaxing)
 .debug_str     0x000020eb       0x52 obj/Events.o
                                0x1da (size before relaxing)
 .debug_str     0x0000213d       0x5a obj/USBTask.o
                                0x3e6 (size before relaxing)

.debug_loc      0x00000000     0x3305
 *(.debug_loc)
 .debug_loc     0x00000000      0x173 obj/Joystick.o
 .debug_loc     0x00000173      0x281 obj/Descriptors.o
 .debug_loc     0x000003f4     0x2400 obj/EndpointStream_AVR8.o
 .debug_loc     0x000027f4      0x422 obj/Endpoint_AVR8.o
 .debug_loc     0x00002c16       0xd6 obj/USBController_AVR8.o
 .debug_loc     0x00002cec      0x2ac obj/USBInterrupt_AVR8.o
 .debug_loc     0x00002f98      0x324 obj/DeviceStandardReq.o
 .debug_loc     0x000032bc       0x49 obj/USBTask.o

.debug_macinfo
 *(.debug_macinfo)

.debug_weaknames
 *(.debug_weaknames)

.debug_funcnames
 *(.debug_funcnames)

.debug_typenames
 *(.debug_typenames)

.debug_varnames
 *(.debug_varnames)

.debug_pubtypes
 *(.debug_pubtypes)

.debug_ranges   0x00000000      0x598
 *(.debug_ranges)
 .debug_ranges  0x00000000       0x70 obj/Joystick.o
 .debug_ranges  0x00000070       0x28 obj/Descriptors.o
 .debug_ranges  0x00000098      0x238 obj/EndpointStream_AVR8.o
 .debug_ranges  0x000002d0       0xe8 obj/Endpoint_AVR8.o
 .debug_ranges  0x000003b8       0x20 obj/USBController_AVR8.o
 .debug_ranges  0x000003d8       0x20 obj/USBInterrupt_AVR8.o
 .debug_ranges  0x000003f8      0x128 obj/DeviceStandardReq.o
 .debug_ranges  0x00000520       0x20 obj/Events.o
 .debug_ranges  0x00000540       0x58 obj/USBTask.o

.debug_macro
 *(.debug_macro)
OUTPUT(Joystick.elf elf32-avr)
LOAD linker stubs

Cross Reference Table

Symbol                                            File
ButtonMap                                         obj/Joystick.o
CALLBACK_HIDParser_FilterHIDReportItem            obj/HIDParser.o
CALLBACK_USB_GetDescriptor                        obj/Descriptors.o
                                                  obj/DeviceStandardReq.o
ConfigurationDescriptor                           obj/Descriptors.o
DeviceDescriptor                                  obj/Descriptors.o
EVENT_USB_Device_ConfigurationChanged             obj/Joystick.o
                                                  obj/DeviceStandardReq.o
EVENT_USB_Device_Connect                          obj/Joystick.o
                                                  obj/USBInterrupt_AVR8.o
EVENT_USB_Device_ControlRequest                   obj/Joystick.o
                                                  obj/DeviceStandardReq.o
EVENT_USB_Device_Disconnect                       obj/Joystick.o
                                                  obj/USBInterrupt_AVR8.o
EVENT_USB_Device_Reset                            obj/Events.o
                                                  obj/USBInterrupt_AVR8.o
EVENT_USB_Device_StartOfFrame                     obj/Events.o
                                                  obj/USBInterrupt_AVR8.o
EVENT_USB_Device_Suspend                          obj/Events.o
                                                  obj/USBInterrupt_AVR8.o
EVENT_USB_Device_WakeUp                           obj/Events.o
                                                  obj/USBInterrupt_AVR8.o
Endpoint_ClearEndpoints                           obj/Endpoint_AVR8.o
Endpoint_ClearStatusStage                         obj/Endpoint_AVR8.o
                                                  obj/DeviceStandardReq.o
Endpoint_ConfigureEndpointTable                   obj/Endpoint_AVR8.o
Endpoint_ConfigureEndpoint_Prv                    obj/Endpoint_AVR8.o
                                                  obj/USBInterrupt_AVR8.o
                                                  obj/USBController_AVR8.o
                                                  obj/Joystick.o
Endpoint_Discard_Stream                           obj/EndpointStream_AVR8.o
Endpoint_Null_Stream                              obj/EndpointStream_AVR8.o
Endpoint_Read_Control_EStream_BE                  obj/EndpointStream_AVR8.o
Endpoint_Read_Control_EStream_LE                  obj/EndpointStream_AVR8.o
Endpoint_Read_Control_Stream_BE                   obj/EndpointStream_AVR8.o
Endpoint_Read_Control_Stream_LE                   obj/EndpointStream_AVR8.o
                                                  obj/Joystick.o
Endpoint_Read_EStream_BE                          obj/EndpointStream_AVR8.o
Endpoint_Read_EStream_LE                          obj/EndpointStream_AVR8.o
Endpoint_Read_Stream_BE                           obj/EndpointStream_AVR8.o
Endpoint_Read_Stream_LE                           obj/EndpointStream_AVR8.o
                                                  obj/Joystick.o
Endpoint_WaitUntilReady                           obj/Endpoint_AVR8.o
                                                  obj/EndpointStream_AVR8.o
Endpoint_Write_Control_EStream_BE                 obj/EndpointStream_AVR8.o
Endpoint_Write_Control_EStream_LE                 obj/EndpointStream_AVR8.o
Endpoint_Write_Control_PStream_BE                 obj/EndpointStream_AVR8.o
Endpoint_Write_Control_PStream_LE                 obj/EndpointStream_AVR8.o
                                                  obj/DeviceStandardReq.o
Endpoint_Write_Control_Stream_BE                  obj/EndpointStream_AVR8.o
Endpoint_Write_Control_Stream_LE                  obj/EndpointStream_AVR8.o
                                                  obj/DeviceStandardReq.o
                                                  obj/Joystick.o
Endpoint_Write_EStream_BE                         obj/EndpointStream_AVR8.o
Endpoint_Write_EStream_LE                         obj/EndpointStream_AVR8.o
Endpoint_Write_PStream_BE                         obj/EndpointStream_AVR8.o
Endpoint_Write_PStream_LE                         obj/EndpointStream_AVR8.o
Endpoint_Write_Stream_BE                          obj/EndpointStream_AVR8.o
Endpoint_Write_Stream_LE                          obj/EndpointStream_AVR8.o
                                                  obj/Joystick.o
GetNextReport                                     obj/Joystick.o
HID_Task                                          obj/Joystick.o
JoystickReport                                    obj/Descriptors.o
LanguageString                                    obj/Descriptors.o
ManufacturerString                                obj/Descriptors.o
ProductString                                     obj/Descriptors.o
SetupHardware                                     obj/Joystick.o
USB_ControlRequest                                obj/USBTask.o
                                                  obj/DeviceStandardReq.o
                                                  obj/Endpoint_AVR8.o
                                                  obj/EndpointStream_AVR8.o
                                                  obj/Joystick.o
USB_DeviceState                                   obj/USBTask.o
                                                  obj/DeviceStandardReq.o
                                                  obj/USBInterrupt_AVR8.o
                                                  obj/USBController_AVR8.o
                                                  obj/Endpoint_AVR8.o
                                                  obj/EndpointStream_AVR8.o
                                                  obj/Joystick.o
USB_Device_ConfigurationNumber                    obj/DeviceStandardReq.o
                                                  obj/USBInterrupt_AVR8.o
                                                  obj/USBController_AVR8.o
USB_Device_CurrentlySelfPowered                   obj/DeviceStandardReq.o
                                                  obj/USBController_AVR8.o
USB_Device_ProcessControlRequest                  obj/DeviceStandardReq.o
                                                  obj/USBTask.o
USB_Device_RemoteWakeupEnabled                    obj/DeviceStandardReq.o
                                                  obj/USBController_AVR8.o
USB_Device_SendRemoteWakeup                       obj/Device_AVR8.o
USB_Disable                                       obj/USBController_AVR8.o
USB_Event_Stub                                    obj/Events.o
USB_Event_Stub_2                                  obj/Events.o
USB_Event_Stub_3                                  obj/Events.o
USB_GetHIDReportItemInfo                          obj/HIDParser.o
USB_GetHIDReportSize                              obj/HIDParser.o
USB_GetNextDescriptorComp                         obj/ConfigDescriptors.o
USB_GetNextDescriptorOfType                       obj/ConfigDescriptors.o
USB_GetNextDescriptorOfTypeAfter                  obj/ConfigDescriptors.o
USB_GetNextDescriptorOfTypeBefore                 obj/ConfigDescriptors.o
USB_INT_ClearAllInterrupts                        obj/USBInterrupt_AVR8.o
                                                  obj/USBController_AVR8.o
USB_INT_DisableAllInterrupts                      obj/USBInterrupt_AVR8.o
                                                  obj/USBController_AVR8.o
USB_Init                                          obj/USBController_AVR8.o
                                                  obj/Joystick.o
USB_IsInitialized                                 obj/USBTask.o
                                                  obj/USBController_AVR8.o
USB_ProcessHIDReport                              obj/HIDParser.o
USB_ResetInterface                                obj/USBController_AVR8.o
USB_SetHIDReportItemInfo                          obj/HIDParser.o
USB_USBTask                                       obj/USBTask.o
                                                  obj/EndpointStream_AVR8.o
                                                  obj/Joystick.o
__FUSE_REGION_LENGTH__                            c:/program files (x86)/arduino/hardware/tools/avr/bin/../lib/gcc/avr/7.3.0/../../../../avr/lib/avr51/crtat90usb1286.o
__bad_interrupt                                   c:/program files (x86)/arduino/hardware/tools/avr/bin/../lib/gcc/avr/7.3.0/../../../../avr/lib/avr51/crtat90usb1286.o
__bss_end                                         c:/program files (x86)/arduino/hardware/tools/avr/bin/../lib/gcc/avr/7.3.0/avr51\libgcc.a(_clear_bss.o)
__bss_start                                       c:/program files (x86)/arduino/hardware/tools/avr/bin/../lib/gcc/avr/7.3.0/avr51\libgcc.a(_clear_bss.o)
__data_end                                        c:/program files (x86)/arduino/hardware/tools/avr/bin/../lib/gcc/avr/7.3.0/avr51\libgcc.a(_copy_data.o)
__data_load_start                                 c:/program files (x86)/arduino/hardware/tools/avr/bin/../lib/gcc/avr/7.3.0/avr51\libgcc.a(_copy_data.o)
__data_start                                      c:/program files (x86)/arduino/hardware/tools/avr/bin/../lib/gcc/avr/7.3.0/avr51\libgcc.a(_copy_data.o)
__divmodhi4                                       c:/program files (x86)/arduino/hardware/tools/avr/bin/../lib/gcc/avr/7.3.0/avr51\libgcc.a(_divmodhi4.o)
                                                  obj/Joystick.o
__do_clear_bss                                    c:/program files (x86)/arduino/hardware/tools/avr/bin/../lib/gcc/avr/7.3.0/avr51\libgcc.a(_clear_bss.o)
                                                  obj/USBTask.o
                                                  obj/DeviceStandardReq.o
                                                  obj/Joystick.o
__do_copy_data                                    c:/program files (x86)/arduino/hardware/tools/avr/bin/../lib/gcc/avr/7.3.0/avr51\libgcc.a(_copy_data.o)
                                                  obj/image.o
                                                  obj/Joystick.o
__heap_end                                        c:/program files (x86)/arduino/hardware/tools/avr/bin/../lib/gcc/avr/7.3.0/../../../../avr/lib/avr51/crtat90usb1286.o
__init                                            c:/program files (x86)/arduino/hardware/tools/avr/bin/../lib/gcc/avr/7.3.0/../../../../avr/lib/avr51/crtat90usb1286.o
__stack                                           c:/program files (x86)/arduino/hardware/tools/avr/bin/../lib/gcc/avr/7.3.0/../../../../avr/lib/avr51/crtat90usb1286.o
__udivmodhi4                                      c:/program files (x86)/arduino/hardware/tools/avr/bin/../lib/gcc/avr/7.3.0/avr51\libgcc.a(_udivmodhi4.o)
                                                  c:/program files (x86)/arduino/hardware/tools/avr/bin/../lib/gcc/avr/7.3.0/avr51\libgcc.a(_divmodhi4.o)
__vector_1                                        c:/program files (x86)/arduino/hardware/tools/avr/bin/../lib/gcc/avr/7.3.0/../../../../avr/lib/avr51/crtat90usb1286.o
__vector_10                                       obj/USBInterrupt_AVR8.o
                                                  c:/program files (x86)/arduino/hardware/tools/avr/bin/../lib/gcc/avr/7.3.0/../../../../avr/lib/avr51/crtat90usb1286.o
__vector_11                                       c:/program files (x86)/arduino/hardware/tools/avr/bin/../lib/gcc/avr/7.3.0/../../../../avr/lib/avr51/crtat90usb1286.o
__vector_12                                       c:/program files (x86)/arduino/hardware/tools/avr/bin/../lib/gcc/avr/7.3.0/../../../../avr/lib/avr51/crtat90usb1286.o
__vector_13                                       c:/program files (x86)/arduino/hardware/tools/avr/bin/../lib/gcc/avr/7.3.0/../../../../avr/lib/avr51/crtat90usb1286.o
__vector_14                                       c:/program files (x86)/arduino/hardware/tools/avr/bin/../lib/gcc/avr/7.3.0/../../../../avr/lib/avr51/crtat90usb1286.o
__vector_15                                       c:/program files (x86)/arduino/hardware/tools/avr/bin/../lib/gcc/avr/7.3.0/../../../../avr/lib/avr51/crtat90usb1286.o
__vector_16                                       c:/program files (x86)/arduino/hardware/tools/avr/bin/../lib/gcc/avr/7.3.0/../../../../avr/lib/avr51/crtat90usb1286.o
__vector_17                                       c:/program files (x86)/arduino/hardware/tools/avr/bin/../lib/gcc/avr/7.3.0/../../../../avr/lib/avr51/crtat90usb1286.o
__vector_18                                       c:/program files (x86)/arduino/hardware/tools/avr/bin/../lib/gcc/avr/7.3.0/../../../../avr/lib/avr51/crtat90usb1286.o
__vector_19                                       c:/program files (x86)/arduino/hardware/tools/avr/bin/../lib/gcc/avr/7.3.0/../../../../avr/lib/avr51/crtat90usb1286.o
__vector_2                                        c:/program files (x86)/arduino/hardware/tools/avr/bin/../lib/gcc/avr/7.3.0/../../../../avr/lib/avr51/crtat90usb1286.o
__vector_20                                       c:/program files (x86)/arduino/hardware/tools/avr/bin/../lib/gcc/avr/7.3.0/../../../../avr/lib/avr51/crtat90usb1286.o
__vector_21                                       c:/program files (x86)/arduino/hardware/tools/avr/bin/../lib/gcc/avr/7.3.0/../../../../avr/lib/avr51/crtat90usb1286.o
__vector_22                                       c:/program files (x86)/arduino/hardware/tools/avr/bin/../lib/gcc/avr/7.3.0/../../../../avr/lib/avr51/crtat90usb1286.o
__vector_23                                       c:/program files (x86)/arduino/hardware/tools/avr/bin/../lib/gcc/avr/7.3.0/../../../../avr/lib/avr51/crtat90usb1286.o
__vector_24                                       c:/program files (x86)/arduino/hardware/tools/avr/bin/../lib/gcc/avr/7.3.0/../../../../avr/lib/avr51/crtat90usb1286.o
__vector_25                                       c:/program files (x86)/arduino/hardware/tools/avr/bin/../lib/gcc/avr/7.3.0/../../../../avr/lib/avr51/crtat90usb1286.o
__vector_26                                       c:/program files (x86)/arduino/hardware/tools/avr/bin/../lib/gcc/avr/7.3.0/../../../../avr/lib/avr51/crtat90usb1286.o
__vector_27                                       c:/program files (x86)/arduino/hardware/tools/avr/bin/../lib/gcc/avr/7.3.0/../../../../avr/lib/avr51/crtat90usb1286.o
__vector_28                                       c:/program files (x86)/arduino/hardware/tools/avr/bin/../lib/gcc/avr/7.3.0/../../../../avr/lib/avr51/crtat90usb1286.o
__vector_29                                       c:/program files (x86)/arduino/hardware/tools/avr/bin/../lib/gcc/avr/7.3.0/../../../../avr/lib/avr51/crtat90usb1286.o
__vector_3                                        c:/program files (x86)/arduino/hardware/tools/avr/bin/../lib/gcc/avr/7.3.0/../../../../avr/lib/avr51/crtat90usb1286.o
__vector_30                                       c:/program files (x86)/arduino/hardware/tools/avr/bin/../lib/gcc/avr/7.3.0/../../../../avr/lib/avr51/crtat90usb1286.o
__vector_31                                       c:/program files (x86)/arduino/hardware/tools/avr/bin/../lib/gcc/avr/7.3.0/../../../../avr/lib/avr51/crtat90usb1286.o
__vector_32                                       c:/program files (x86)/arduino/hardware/tools/avr/bin/../lib/gcc/avr/7.3.0/../../../../avr/lib/avr51/crtat90usb1286.o
__vector_33                                       c:/program files (x86)/arduino/hardware/tools/avr/bin/../lib/gcc/avr/7.3.0/../../../../avr/lib/avr51/crtat90usb1286.o
__vector_34                                       c:/program files (x86)/arduino/hardware/tools/avr/bin/../lib/gcc/avr/7.3.0/../../../../avr/lib/avr51/crtat90usb1286.o
__vector_35                                       c:/program files (x86)/arduino/hardware/tools/avr/bin/../lib/gcc/avr/7.3.0/../../../../avr/lib/avr51/crtat90usb1286.o
__vector_36                                       c:/program files (x86)/arduino/hardware/tools/avr/bin/../lib/gcc/avr/7.3.0/../../../../avr/lib/avr51/crtat90usb1286.o
__vector_37                                       c:/program files (x86)/arduino/hardware/tools/avr/bin/../lib/gcc/avr/7.3.0/../../../../avr/lib/avr51/crtat90usb1286.o
__vector_4                                        c:/program files (x86)/arduino/hardware/tools/avr/bin/../lib/gcc/avr/7.3.0/../../../../avr/lib/avr51/crtat90usb1286.o
__vector_5                                        c:/program files (x86)/arduino/hardware/tools/avr/bin/../lib/gcc/avr/7.3.0/../../../../avr/lib/avr51/crtat90usb1286.o
__vector_6                                        c:/program files (x86)/arduino/hardware/tools/avr/bin/../lib/gcc/avr/7.3.0/../../../../avr/lib/avr51/crtat90usb1286.o
__vector_7                                        c:/program files (x86)/arduino/hardware/tools/avr/bin/../lib/gcc/avr/7.3.0/../../../../avr/lib/avr51/crtat90usb1286.o
__vector_8                                        c:/program files (x86)/arduino/hardware/tools/avr/bin/../lib/gcc/avr/7.3.0/../../../../avr/lib/avr51/crtat90usb1286.o
__vector_9                                        c:/program files (x86)/arduino/hardware/tools/avr/bin/../lib/gcc/avr/7.3.0/../../../../avr/lib/avr51/crtat90usb1286.o
__vector_default                                  c:/program files (x86)/arduino/hardware/tools/avr/bin/../lib/gcc/avr/7.3.0/../../../../avr/lib/avr51/crtat90usb1286.o
__vectors                                         c:/program files (x86)/arduino/hardware/tools/avr/bin/../lib/gcc/avr/7.3.0/../../../../avr/lib/avr51/crtat90usb1286.o
_div                                              c:/program files (x86)/arduino/hardware/tools/avr/bin/../lib/gcc/avr/7.3.0/avr51\libgcc.a(_divmodhi4.o)
_exit                                             c:/program files (x86)/arduino/hardware/tools/avr/bin/../lib/gcc/avr/7.3.0/avr51\libgcc.a(_exit.o)
bd_state                                          obj/Joystick.o
done_printing                                     obj/Joystick.o
eeprom_read_byte                                  c:/program files (x86)/arduino/hardware/tools/avr/bin/../lib/gcc/avr/7.3.0/../../../../avr/lib/avr51\libat90usb1286.a(eerd_byte.o)
                                                  obj/EndpointStream_AVR8.o
eeprom_update_byte                                c:/program files (x86)/arduino/hardware/tools/avr/bin/../lib/gcc/avr/7.3.0/../../../../avr/lib/avr51\libat90usb1286.a(eeupd_byte.o)
                                                  obj/EndpointStream_AVR8.o
eeprom_update_r18                                 c:/program files (x86)/arduino/hardware/tools/avr/bin/../lib/gcc/avr/7.3.0/../../../../avr/lib/avr51\libat90usb1286.a(eeupd_byte.o)
exit                                              c:/program files (x86)/arduino/hardware/tools/avr/bin/../lib/gcc/avr/7.3.0/avr51\libgcc.a(_exit.o)
                                                  c:/program files (x86)/arduino/hardware/tools/avr/bin/../lib/gcc/avr/7.3.0/../../../../avr/lib/avr51/crtat90usb1286.o
image_data                                        obj/image.o
                                                  obj/Joystick.o
input_brakes                                      obj/Joystick.o
input_count                                       obj/Joystick.o
main                                              obj/Joystick.o
                                                  c:/program files (x86)/arduino/hardware/tools/avr/bin/../lib/gcc/avr/7.3.0/../../../../avr/lib/avr51/crtat90usb1286.o
meme                                              obj/Joystick.o
other                                             obj/Joystick.o
pb_debounce                                       obj/Joystick.o
pd_debounce                                       obj/Joystick.o
print_right                                       obj/Joystick.o
reset                                             obj/Joystick.o
reset_count                                       obj/Joystick.o
reset_request                                     obj/Joystick.o
xpos                                              obj/Joystick.o
ypos                                              obj/Joystick.o
